---
source: src/display/log_tabs/tests.rs
expression: terminal.backend().to_string()
---
"╭Containers────────────────────────────────────────────────────────────────────────────────────────╮"
"│ container1 │ container2 │ container3                                                             │"
"╰──────────────────────────────────────────────────────────────────────────────────────────────────╯"
