---
source: src/display/log_tabs/tests.rs
expression: terminal.backend().to_string()
---
"╭Containers────────────────────────────────────────────────────────────────────────────────────────╮"
"│                                                                                                  │"
"╰──────────────────────────────────────────────────────────────────────────────────────────────────╯"
